
Hp@DESKTOP-H8F7UTE MINGW64 ~ (master)
$ cd ~

Hp@DESKTOP-H8F7UTE MINGW64 ~ (master)
$ pwd
/c/Users/Hp

Hp@DESKTOP-H8F7UTE MINGW64 ~ (master)
$ git init
Reinitialized existing Git repository in C:/Users/Hp/.git/

Hp@DESKTOP-H8F7UTE MINGW64 ~ (master)
$ git status
warning: could not open directory 'Application Data/': Permission denied
warning: could not open directory 'Cookies/': Permission denied
warning: could not open directory 'Local Settings/': Permission denied
warning: could not open directory 'My Documents/': Permission denied
warning: could not open directory 'NetHood/': Permission denied
warning: could not open directory 'PrintHood/': Permission denied
warning: could not open directory 'Recent/': Permission denied
warning: could not open directory 'SendTo/': Permission denied
warning: could not open directory 'Start Menu/': Permission denied
warning: could not open directory 'Templates/': Permission denied
On branch master

No commits yet

Untracked files:
  (use "git add <file>..." to include in what will be committed)
        .bash_history
        .gitconfig
        .idlerc/
        .nbi/
        .vscode/
        3D Objects/
        AppData/
        CC.java
        Contacts/
        DemoSuper.class
        DemoSuper.java
        Desktop/
        Documents/
        Downloads/
        Favorites/
        Intel/
        IntelGraphicsProfiles/
        Links/
        Midterm.class
        Music/
        NTUSER.DAT
        NTUSER.DAT{fd9a35db-49fe-11e9-aa2c-248a07783950}.TM.blf
        NTUSER.DAT{fd9a35db-49fe-11e9-aa2c-248a07783950}.TMContainer00000000000000000001.regtrans-ms
        NTUSER.DAT{fd9a35db-49fe-11e9-aa2c-248a07783950}.TMContainer00000000000000000002.regtrans-ms
        New Unity Project coursera/
        New Unity Project crsera/
        OneDrive/
        Pictures/
        Saved Games/
        Searches/
        Sub.class
        Super.class
        Videos/
        my first unity project/
        ntuser.dat.LOG1
        ntuser.dat.LOG2
        ntuser.ini
        privatekey.ppk
        publickey
        source/
        suhaas.java

nothing added to commit but untracked files present (use "git add" to track)

Hp@DESKTOP-H8F7UTE MINGW64 ~ (master)
$ git commit . m
error: pathspec '.' did not match any file(s) known to git
error: pathspec 'm' did not match any file(s) known to git

Hp@DESKTOP-H8F7UTE MINGW64 ~ (master)
$ git commit -m m
fatal: Unable to create 'C:/Users/Hp/.git/index.lock': File exists.

Another git process seems to be running in this repository, e.g.
an editor opened by 'git commit'. Please make sure all processes
are terminated then try again. If it still fails, a git process
may have crashed in this repository earlier:
remove the file manually to continue.

Hp@DESKTOP-H8F7UTE MINGW64 ~ (master)
$ git log
fatal: your current branch 'master' does not have any commits yet

Hp@DESKTOP-H8F7UTE MINGW64 ~ (master)
$ pwd
/c/Users/Hp

Hp@DESKTOP-H8F7UTE MINGW64 ~ (master)
$ cd ..

Hp@DESKTOP-H8F7UTE MINGW64 /c/Users
$ git init
C:/Users/.git: Permission denied

Hp@DESKTOP-H8F7UTE MINGW64 /c/Users
$
